---
source: tests/snapshot_test.rs
expression: output
---
Outputs:
  Output 'out':
    Path:
      - /nix/store/HASH-hello-v1
      + /nix/store/HASH-hello-v2
Arguments:
  Argument 0:
          mkdir -p $out/bin
          cat > $out/bin/hello << 'EOF'
      #!/bin/sh
    - echo "Hello, World! v1"
    + echo "Hello, World! v2"
    + echo "Now with more features!"
      EOF
          chmod +x $out/bin/hello
      
          # Reference dependencies
    -     ln -s /nix/store/HASH-dep1/bin/dep1 $out/bin/
    -     ln -s /nix/store/HASH-dep2/share $out/
    +     ln -s /nix/store/HASH-dep1/bin/dep1 $out/bin/
    +     ln -s /nix/store/HASH-dep2/share $out/
Input derivations:
  - /nix/store/HASH-dep1.drv
  - /nix/store/HASH-dep2.drv
  + /nix/store/HASH-dep1.drv
  + /nix/store/HASH-dep2.drv
Environment:
  buildScript:
      echo "Starting build process..."
      echo "Configuring environment"
    + echo "Setting up new features"
      echo "Building dependencies"
    - echo "Compiling sources"
    - echo "Running tests"
    + echo "Compiling sources with optimizations"
    + echo "Running extended test suite"
    + echo "Generating documentation"
      echo "Build complete!"
  description:
    - A simple hello world program v1
    + A simple hello world program v2 with improvements
  name:
    - hello-v1
    + hello-v2
  newFeature:
    + true
  out:
    - /nix/store/HASH-hello-v1
    + /nix/store/HASH-hello-v2
  version:
    - 1.0
    + 2.0
